// Jest Snapshot v1, https://goo.gl/fbAQLP

exports[`Balance should render balance with given props 1`] = `
<CurrencyInputRaw
  actions={
    Object {
      "changeAmount": [Function],
      "changeCurrency": [Function],
    }
  }
  amount="30"
  currency={
    Object {
      "currency": "USD",
      "symbol": "$",
    }
  }
  currencyOptions={
    Array [
      Object {
        "currency": "USD",
        "symbol": "$",
      },
      Object {
        "currency": "EUR",
        "symbol": "€",
      },
      Object {
        "currency": "GBP",
        "symbol": "£",
      },
    ]
  }
/>
`;

exports[`Balance should render correctly in "debug" mode 1`] = `
<CurrencyInputRaw
  debug={true}
/>
`;

exports[`Balance should render correctly with no props 1`] = `<CurrencyInputRaw />`;
