// Jest Snapshot v1, https://goo.gl/fbAQLP

exports[`Balance should render balance with given props 1`] = `
<BalanceRaw
  amount="10"
  currency={
    Object {
      "currency": "USD",
      "symbol": "$",
    }
  }
/>
`;

exports[`Balance should render correctly in "debug" mode 1`] = `
<BalanceRaw
  debug={true}
/>
`;

exports[`Balance should render correctly with no props 1`] = `<BalanceRaw />`;
