// Jest Snapshot v1, https://goo.gl/fbAQLP

exports[`Balance should render balance with given props 1`] = `
<span
  className="Balance"
>
  <span>
    10
     
    $
  </span>
</span>
`;

exports[`Balance should render correctly in "debug" mode 1`] = `
<span
  className="Balance"
>
  <span>
     
  </span>
</span>
`;

exports[`Balance should render correctly with no props 1`] = `
<span
  className="Balance"
>
  <span>
     
  </span>
</span>
`;
